Test case 32
arrObj0.length setter
Passed
Test case 33
Passed
Test case 34
false
Passed
Test case 34
undefined
undefined
Passed
Test case 35
Passed
Test case 36
Passed
Test case 37
[object Object]
[object Object]
passed
Test case 38
passed
Test case 40
ReferenceError: 'undefinedFunction' is undefined
	at eval code (eval code)
	at testRuntimeError (randombug.js)
	at test31 (randombug.js)
	at Global code (randombug.js)
Passed
Test case 41
Passed
